=== Speed-of-Light Benchmark ===

Fixture: /bench/fixtures/v2-100.soltest
Archive: /tmp/nockchain-bench-fixture-1-1772562410580/fixture.solarch
Kernel:  /tmp/nockchain-bench-fixture-1-1772562410580/fixture.jam
Checkpoint: /tmp/nockchain-bench-fixture-1-1772562410580/fixture.chkjam
Archive range: 12000..=12099
Blocks:  all
Checkpoint mode: false
Trace mode: tracing
Skip genesis: false
Start height: 12000
Profile memory: true
Profile interval: 500ms
GC drop threshold: 64 MiB
Fault burst thresholds: minor=50000 major=1
Profile output: /tmp/profile.json

Initializing fresh kernel (this may take a few minutes)...

=== Benchmark Results ===

Blocks poked:    100
Failed pokes:    0
Init time:       3.08s
Total poke time: 1.89s
Avg per block:   18.89ms
Throughput:      52.94 blocks/s
Checkpoints:     0

=== Memory Profile ===

Samples:         6
GC events:       0
Fault bursts:    1
Peak RSS:        1169.82 MiB
P95 RSS:         1169.82 MiB
GC / 1k blocks:  0.00
Profile JSON written to /tmp/profile.json
