=== Speed-of-Light Benchmark ===

Fixture: /bench/fixtures/v2-100.soltest
Archive: /tmp/nockchain-bench-fixture-1-1772562311673/fixture.solarch
Kernel:  /tmp/nockchain-bench-fixture-1-1772562311673/fixture.jam
Checkpoint: /tmp/nockchain-bench-fixture-1-1772562311673/fixture.chkjam
Archive range: 12000..=12099
Blocks:  all
Checkpoint mode: false
Trace mode: tracing
Skip genesis: false
Start height: 12000
Profile memory: true
Profile interval: 500ms
GC drop threshold: 64 MiB
Fault burst thresholds: minor=50000 major=1
Profile output: /tmp/profile.json

Initializing fresh kernel (this may take a few minutes)...

=== Benchmark Results ===

Blocks poked:    100
Failed pokes:    0
Init time:       2.43s
Total poke time: 4.38s
Avg per block:   43.80ms
Throughput:      22.83 blocks/s
Checkpoints:     0

=== Memory Profile ===

Samples:         11
GC events:       0
Fault bursts:    0
Peak RSS:        1063.71 MiB
P95 RSS:         1063.71 MiB
GC / 1k blocks:  0.00
Profile JSON written to /tmp/profile.json
