=== Speed-of-Light Benchmark ===

Fixture: /bench/fixtures/v1-100.soltest
Archive: /tmp/nockchain-bench-fixture-1-1772562429805/fixture.solarch
Kernel:  /tmp/nockchain-bench-fixture-1-1772562429805/fixture.jam
Checkpoint: /tmp/nockchain-bench-fixture-1-1772562429805/fixture.chkjam
Archive range: 6750..=6849
Blocks:  all
Checkpoint mode: false
Trace mode: tracing
Skip genesis: false
Start height: 6750
Profile memory: true
Profile interval: 500ms
GC drop threshold: 64 MiB
Fault burst thresholds: minor=50000 major=1
Profile output: /tmp/profile.json

Initializing fresh kernel (this may take a few minutes)...

=== Benchmark Results ===

Blocks poked:    100
Failed pokes:    0
Init time:       2.92s
Total poke time: 10.57s
Avg per block:   105.68ms
Throughput:      9.46 blocks/s
Checkpoints:     0

=== Memory Profile ===

Samples:         22
GC events:       0
Fault bursts:    0
Peak RSS:        1084.46 MiB
P95 RSS:         1084.46 MiB
GC / 1k blocks:  0.00
Profile JSON written to /tmp/profile.json
